<div class="ppp"><pre><code>	public static void main(String[] args) {
		System.out.println(&quot;はろーわーるど&quot;);
	}
</code></pre></div>